<html>
<body>
<pre>
<h1>µVision Build Log</h1>
<h2>Tool Versions:</h2>
IDE-Version: µVision V5.38.0.0
Copyright (C) 2022 ARM Ltd and ARM Germany GmbH. All rights reserved.
License Information: Ahmed Sallam, Helwan University, LIC=1WSKC-7R16D-RFMIZ-JN2Q6-PV1Y0-0N1NQ
 
Tool Versions:
Toolchain:       MDK-ARM Professional  Version: 5.38.0.0
Toolchain Path:  C:\Keil_v5\ARM\ARMCLANG\Bin
C Compiler:      ArmClang.exe V6.19
Assembler:       Armasm.exe V6.19
Linker/Locator:  ArmLink.exe V6.19
Library Manager: ArmAr.exe V6.19
Hex Converter:   FromElf.exe V6.19
CPU DLL:         SARMCM3.DLL V5.38.0.0
Dialog DLL:      DCM.DLL V1.17.5.0
Target DLL:      lmidk-agdi.dll V???
Dialog DLL:      TCM.DLL V1.56.4.0
 
<h2>Project:</h2>
D:\GP\Embedded\Keil Projects\MCU\MCU.uvprojx
Project File Date:  04/21/2024

<h2>Output:</h2>
*** Using Compiler 'V6.19', folder: 'C:\Keil_v5\ARM\ARMCLANG\Bin'
Build target 'TM4C123GH6PM'
main.c(2): warning: In file included from...
./Uart.h(88): warning: padding size of 'Uart_ConfigType' with 3 bytes to alignment boundary [-Wpadded]
typedef struct{
        ^
1 warning generated.
compiling main.c...
Port.c(195): warning: default label in switch which covers all enumeration values [-Wcovered-switch-default]
                default: /* Do nothing. */     break;
                ^
Port.c(366): warning: default label in switch which covers all enumeration values [-Wcovered-switch-default]
                default: /* Do nothing. */     break;
                ^
Port.c(561): warning: default label in switch which covers all enumeration values [-Wcovered-switch-default]
        default: /* Do nothing. */     break;
        ^
Port.c(554): warning: variable 'PinNumber' may be uninitialized when used here [-Wconditional-uninitialized]
                        CLR_REG(Loc_PortPtr -> GPIODIR, PinNumber);     break;    
                                                        ^~~~~~~~~
./Std_BitMath.h(22): note: expanded from macro 'CLR_REG'
#define CLR_REG(REG, BIT_FIELD_NUMBER)    (REG &= (~((uint32)1 << BIT_FIELD_NUMBER)))
                                                                  ^~~~~~~~~~~~~~~~
Port.c(507): note: initialize the variable 'PinNumber' to silence this warning
        uint8 PinNumber;
                       ^
                        = '\0'
Port.c(645): warning: variable 'PinNumber' may be uninitialized when used here [-Wconditional-uninitialized]
                                                Loc_PortPtr->GPIOPCTL |= ((uint32)PORT_ENCODING_MUX_VALUE_5 << (PinNumber * 4));                        break; 
                                                                                                                ^~~~~~~~~
Port.c(583): note: initialize the variable 'PinNumber' to silence this warning
        uint8 PinNumber;
                       ^
                        = '\0'
5 warnings generated.
compiling Port.c...
linking...
Program Size: Code=3666 RO-data=1034 RW-data=0 ZI-data=616  
FromELF: creating hex file...
".\Objects\MCU.axf" - 0 Error(s), 6 Warning(s).

<h2>Software Packages used:</h2>

Package Vendor: ARM
                http://www.keil.com/pack/ARM.CMSIS.5.9.0.pack
                ARM.CMSIS.5.9.0
                CMSIS (Common Microcontroller Software Interface Standard)
   * Component: CORE Version: 5.6.0

Package Vendor: Keil
                http://www.keil.com/pack/Keil.TM4C_DFP.1.1.0.pack
                Keil.TM4C_DFP.1.1.0
                Texas Instruments Tiva C Series Device Support and Examples
   * Component: Startup Version: 1.0.1

<h2>Collection of Component include folders:</h2>
  ./RTE/_TM4C123GH6PM
  C:/Users/ahmed/AppData/Local/Arm/Packs/ARM/CMSIS/5.9.0/CMSIS/Core/Include
  C:/Users/ahmed/AppData/Local/Arm/Packs/Keil/TM4C_DFP/1.1.0/Device/Include/TM4C123

<h2>Collection of Component Files used:</h2>

   * Component: ARM::CMSIS:CORE:5.6.0

   * Component: Keil::Device:Startup:1.0.1
      Source file:   Device/Source/ARM/startup_TM4C123.s
      Source file:   Device/Source/system_TM4C123.c
      Include file:  Device/Include/TM4C123/TM4C123.h
Build Time Elapsed:  00:00:01
</pre>
</body>
</html>
